// Jest Snapshot v1, https://goo.gl/fbAQLP

exports[`Home page Renders correctly 1`] = `
<div
  className="home"
>
  <h1>
    Welcome You !
  </h1>
</div>
`;
